PS C:\Users\Owner\Desktop\git_challenge> echo "Hello,world">>hello_world.txt
PS C:\Users\Owner\Desktop\git_challenge> git add hello_world.txt
PS C:\Users\Owner\Desktop\git_challenge> git commit -m"Hello_world"
[main (root-commit) e289b57] Hello_world
 1 file changed, 0 insertions(+), 0 deletions(-)
 create mode 100644 hello_world.txt
PS C:\Users\Owner\Desktop\git_challenge> echo "こんにちは、世界！” >>hello_world.txt
PS C:\Users\Owner\Desktop\git_challenge> git add hello_world.txt
PS C:\Users\Owner\Desktop\git_challenge> git commit -m"こんにちは、世界!"
[main 5e2d781] こんにちは、世界!
 1 file changed, 0 insertions(+), 0 deletions(-)
PS C:\Users\Owner\Desktop\git_challenge> git log --oneline
5e2d781 (HEAD -> main) こんにちは、世界!
e289b57 Hello_world
PS C:\Users\Owner\Desktop\git_challenge> 